python : C:\Users\hites\Sho
wcase\test_gemini_connectio
n.py:9: FutureWarning: 
At line:1 char:1
+ python 
test_gemini_connection.py 
> test_output.txt 2>&1
+ ~~~~~~~~~~~~~~~~~~~~~~~~~
~~~~~~~~~~~~~~~~~~~~~~~~~~~
~~~
    + CategoryInfo         
     : NotSpecified: (C:\  
  Users\hites\...FutureW   
 arning: :String) [], R    
emoteException
    + FullyQualifiedErrorI 
   d : NativeCommandError
 

All support for the 
`google.generativeai` 
package has ended. It will 
no longer be receiving 
updates or bug fixes. 
Please switch to the 
`google.genai` package as 
soon as possible.
See README for more 
details:

https://github.com/google-g
emini/deprecated-generative
-ai-python/blob/main/README
.md

  import 
google.generativeai as 
genai
--- Gemini Connection Test ---
Model: gemini-1.5-flash
API Key: AIza...kEI0

Sending request to Gemini...
Traceback (most recent 
call last):
  File "C:\Users\hites\Show
case\test_gemini_connection
.py", line 27, in 
test_genai
    response = await model.
generate_content_async("Rep
ly with exactly the word 
'Connected' if you receive 
this.")
               ^^^^^^^^^^^^
^^^^^^^^^^^^^^^^^^^^^^^^^^^
^^^^^^^^^^^^^^^^^^^^^^^^^^^
^^^^^^^^^^^^^^^^^^^^^^^^^^^
^^^^^
  File "C:\Users\hites\AppD
ata\Local\Programs\Python\P
ython311\Lib\site-packages\
google\generativeai\generat
ive_models.py", line 385, 
in generate_content_async
    response = await self._
async_client.generate_conte
nt(
               ^^^^^^^^^^^^
^^^^^^^^^^^^^^^^^^^^^^^^^^^
^^^
  File "C:\Users\hites\AppD
ata\Local\Programs\Python\P
ython311\Lib\site-packages\
google\ai\generativelanguag
e_v1beta\services\generativ
e_service\async_client.py",
 line 440, in 
generate_content
    response = await rpc(
               ^^^^^^^^^^
  File "C:\Users\hites\AppD
ata\Local\Programs\Python\P
ython311\Lib\site-packages\
google\api_core\retry\retry
_unary_async.py", line 
231, in retry_wrapped_func
    return await 
retry_target(
           
^^^^^^^^^^^^^^^^^^^
  File "C:\Users\hites\AppD
ata\Local\Programs\Python\P
ython311\Lib\site-packages\
google\api_core\retry\retry
_unary_async.py", line 
163, in retry_target
    next_sleep = 
_retry_error_helper(
                 
^^^^^^^^^^^^^^^^^^^^
  File "C:\Users\hites\AppD
ata\Local\Programs\Python\P
ython311\Lib\site-packages\
google\api_core\retry\retry
_base.py", line 214, in 
_retry_error_helper
    raise final_exc from 
source_exc
  File "C:\Users\hites\AppD
ata\Local\Programs\Python\P
ython311\Lib\site-packages\
google\api_core\retry\retry
_unary_async.py", line 
158, in retry_target
    return await target()
           ^^^^^^^^^^^^^^
  File "C:\Users\hites\AppD
ata\Local\Programs\Python\P
ython311\Lib\site-packages\
google\api_core\grpc_helper
s_async.py", line 89, in 
__await__
    raise exceptions.from_g
rpc_error(rpc_error) from 
rpc_error
google.api_core.exceptions.
NotFound: 404 
models/gemini-1.5-flash is 
not found for API version 
v1beta, or is not 
supported for 
generateContent. Call 
ListModels to see the list 
of available models and 
their supported methods.

During handling of the 
above exception, another 
exception occurred:

Traceback (most recent 
call last):
  File "C:\Users\hites\Show
case\test_gemini_connection
.py", line 39, in <module>
    
asyncio.run(test_genai())
  File "C:\Users\hites\AppD
ata\Local\Programs\Python\P
ython311\Lib\asyncio\runner
s.py", line 190, in run
    return runner.run(main)
           ^^^^^^^^^^^^^^^^
  File "C:\Users\hites\AppD
ata\Local\Programs\Python\P
ython311\Lib\asyncio\runner
s.py", line 118, in run
    return self._loop.run_u
ntil_complete(task)
           ^^^^^^^^^^^^^^^^
^^^^^^^^^^^^^^^^^^^
  File "C:\Users\hites\AppD
ata\Local\Programs\Python\P
ython311\Lib\asyncio\base_e
vents.py", line 654, in 
run_until_complete
    return future.result()
           ^^^^^^^^^^^^^^^
  File "C:\Users\hites\Show
case\test_gemini_connection
.py", line 32, in 
test_genai
    print(f"\n\u274c 
Connection Failed: {e}")
  File "C:\Users\hites\AppD
ata\Local\Programs\Python\P
ython311\Lib\encodings\cp12
52.py", line 19, in encode
    return codecs.charmap_e
ncode(input,self.errors,enc
oding_table)[0]
           ^^^^^^^^^^^^^^^^
^^^^^^^^^^^^^^^^^^^^^^^^^^^
^^^^^^^^^^^^
UnicodeEncodeError: 
'charmap' codec can't 
encode character '\u274c' 
in position 2: character 
maps to <undefined>
